bash: dotnet: command not found
